Emilia/ZH/ZH-B000240.tar
Emilia/ZH/ZH-B000793.tar
Emilia/ZH/ZH-B000863.tar
Emilia/ZH/ZH-B000387.tar
Emilia/ZH/ZH-B000342.tar
Emilia/ZH/ZH-B000755.tar
Emilia/ZH/ZH-B000475.tar
Emilia/ZH/ZH-B000316.tar
Emilia/ZH/ZH-B000729.tar
Emilia/ZH/ZH-B000215.tar
Emilia/ZH/ZH-B000073.tar
Emilia/ZH/ZH-B000456.tar
Emilia/ZH/ZH-B000492.tar
Emilia/ZH/ZH-B000538.tar
Emilia/ZH/ZH-B000721.tar
Emilia/ZH/ZH-B000029.tar
Emilia/ZH/ZH-B000890.tar
Emilia/ZH/ZH-B000170.tar
Emilia/ZH/ZH-B000633.tar
Emilia/ZH/ZH-B000394.tar
Emilia/ZH/ZH-B000348.tar
Emilia/ZH/ZH-B000277.tar
Emilia/ZH/ZH-B000445.tar
Emilia/ZH/ZH-B000677.tar
Emilia/ZH/ZH-B000250.tar
Emilia/ZH/ZH-B000683.tar
Emilia/ZH/ZH-B000731.tar
Emilia/ZH/ZH-B000458.tar
Emilia/ZH/ZH-B000459.tar
Emilia/ZH/ZH-B000883.tar
Emilia/ZH/ZH-B000913.tar
Emilia/ZH/ZH-B000406.tar
Emilia/ZH/ZH-B000279.tar
Emilia/ZH/ZH-B000425.tar
Emilia/ZH/ZH-B000752.tar
Emilia/ZH/ZH-B000760.tar
Emilia/ZH/ZH-B000709.tar
Emilia/ZH/ZH-B000095.tar
Emilia/ZH/ZH-B000613.tar
Emilia/ZH/ZH-B000682.tar
Emilia/ZH/ZH-B000788.tar
Emilia/ZH/ZH-B000900.tar
Emilia/ZH/ZH-B000177.tar
Emilia/ZH/ZH-B000124.tar
Emilia/ZH/ZH-B000866.tar
Emilia/ZH/ZH-B000652.tar
Emilia/ZH/ZH-B000008.tar
Emilia/ZH/ZH-B000833.tar
Emilia/ZH/ZH-B000813.tar
Emilia/ZH/ZH-B000311.tar
Emilia/ZH/ZH-B000481.tar
Emilia/ZH/ZH-B000116.tar
Emilia/ZH/ZH-B000525.tar
Emilia/ZH/ZH-B000839.tar
Emilia/ZH/ZH-B000514.tar
Emilia/ZH/ZH-B000122.tar
Emilia/ZH/ZH-B000468.tar
Emilia/ZH/ZH-B000779.tar
Emilia/ZH/ZH-B000222.tar
Emilia/ZH/ZH-B000651.tar
Emilia/ZH/ZH-B000840.tar
Emilia/ZH/ZH-B000101.tar
Emilia/ZH/ZH-B000361.tar
Emilia/ZH/ZH-B000257.tar
Emilia/ZH/ZH-B000295.tar
Emilia/ZH/ZH-B000157.tar
Emilia/ZH/ZH-B000145.tar
Emilia/ZH/ZH-B000166.tar
Emilia/ZH/ZH-B000325.tar
Emilia/ZH/ZH-B000859.tar
Emilia/ZH/ZH-B000842.tar
Emilia/ZH/ZH-B000128.tar
Emilia/ZH/ZH-B000806.tar
Emilia/ZH/ZH-B000888.tar
Emilia/ZH/ZH-B000433.tar
Emilia/ZH/ZH-B000702.tar
Emilia/ZH/ZH-B000753.tar
Emilia/ZH/ZH-B000390.tar
Emilia/ZH/ZH-B000083.tar
Emilia/ZH/ZH-B000790.tar
Emilia/ZH/ZH-B000640.tar
Emilia/ZH/ZH-B000384.tar
Emilia/ZH/ZH-B000770.tar
Emilia/ZH/ZH-B000217.tar
Emilia/ZH/ZH-B000006.tar
Emilia/ZH/ZH-B000309.tar
Emilia/ZH/ZH-B000643.tar
Emilia/ZH/ZH-B000326.tar
Emilia/ZH/ZH-B000455.tar
Emilia/ZH/ZH-B000691.tar
Emilia/ZH/ZH-B000248.tar
Emilia/ZH/ZH-B000563.tar
Emilia/ZH/ZH-B000082.tar
Emilia/ZH/ZH-B000582.tar
Emilia/ZH/ZH-B000694.tar
Emilia/ZH/ZH-B000296.tar
Emilia/ZH/ZH-B000485.tar
Emilia/ZH/ZH-B000003.tar
Emilia/ZH/ZH-B000358.tar
Emilia/ZH/ZH-B000440.tar
Emilia/ZH/ZH-B000040.tar
Emilia/ZH/ZH-B000214.tar
Emilia/ZH/ZH-B000380.tar
Emilia/ZH/ZH-B000705.tar
Emilia/ZH/ZH-B000059.tar
Emilia/ZH/ZH-B000608.tar
Emilia/ZH/ZH-B000873.tar
Emilia/ZH/ZH-B000379.tar
Emilia/ZH/ZH-B000319.tar
Emilia/ZH/ZH-B000208.tar
Emilia/ZH/ZH-B000700.tar
Emilia/ZH/ZH-B000838.tar
Emilia/ZH/ZH-B000621.tar
Emilia/ZH/ZH-B000168.tar
Emilia/ZH/ZH-B000104.tar
Emilia/ZH/ZH-B000272.tar
Emilia/ZH/ZH-B000549.tar
Emilia/ZH/ZH-B000126.tar
Emilia/ZH/ZH-B000243.tar
Emilia/ZH/ZH-B000526.tar
Emilia/ZH/ZH-B000714.tar
Emilia/ZH/ZH-B000068.tar
Emilia/ZH/ZH-B000163.tar
Emilia/ZH/ZH-B000189.tar
Emilia/ZH/ZH-B000416.tar
Emilia/ZH/ZH-B000404.tar
Emilia/ZH/ZH-B000457.tar
Emilia/ZH/ZH-B000086.tar
Emilia/ZH/ZH-B000442.tar
Emilia/ZH/ZH-B000141.tar
Emilia/ZH/ZH-B000251.tar
Emilia/ZH/ZH-B000681.tar
Emilia/ZH/ZH-B000206.tar
Emilia/ZH/ZH-B000810.tar
Emilia/ZH/ZH-B000777.tar
Emilia/ZH/ZH-B000162.tar
Emilia/ZH/ZH-B000904.tar
Emilia/ZH/ZH-B000615.tar
Emilia/ZH/ZH-B000602.tar
Emilia/ZH/ZH-B000684.tar
Emilia/ZH/ZH-B000352.tar
Emilia/ZH/ZH-B000800.tar
Emilia/ZH/ZH-B000530.tar
Emilia/ZH/ZH-B000593.tar
Emilia/ZH/ZH-B000909.tar
Emilia/ZH/ZH-B000015.tar
Emilia/ZH/ZH-B000115.tar
Emilia/ZH/ZH-B000533.tar
Emilia/ZH/ZH-B000867.tar
Emilia/ZH/ZH-B000009.tar
Emilia/ZH/ZH-B000281.tar
Emilia/ZH/ZH-B000571.tar
Emilia/ZH/ZH-B000518.tar
Emilia/ZH/ZH-B000060.tar
Emilia/ZH/ZH-B000317.tar
Emilia/ZH/ZH-B000443.tar
Emilia/ZH/ZH-B000312.tar
Emilia/ZH/ZH-B000137.tar
Emilia/ZH/ZH-B000776.tar
Emilia/ZH/ZH-B000577.tar
Emilia/ZH/ZH-B000411.tar
Emilia/ZH/ZH-B000607.tar
Emilia/ZH/ZH-B000078.tar
Emilia/ZH/ZH-B000195.tar
Emilia/ZH/ZH-B000096.tar
Emilia/ZH/ZH-B000376.tar
Emilia/ZH/ZH-B000374.tar
Emilia/ZH/ZH-B000242.tar
Emilia/ZH/ZH-B000004.tar
Emilia/ZH/ZH-B000599.tar
Emilia/ZH/ZH-B000424.tar
Emilia/ZH/ZH-B000452.tar
Emilia/ZH/ZH-B000911.tar
Emilia/ZH/ZH-B000919.tar
Emilia/ZH/ZH-B000802.tar
Emilia/ZH/ZH-B000067.tar
Emilia/ZH/ZH-B000174.tar
Emilia/ZH/ZH-B000815.tar
Emilia/ZH/ZH-B000392.tar
Emilia/ZH/ZH-B000297.tar
Emilia/ZH/ZH-B000572.tar
Emilia/ZH/ZH-B000055.tar
Emilia/ZH/ZH-B000173.tar
Emilia/ZH/ZH-B000200.tar
Emilia/ZH/ZH-B000758.tar
Emilia/ZH/ZH-B000429.tar
Emilia/ZH/ZH-B000829.tar
Emilia/ZH/ZH-B000650.tar
Emilia/ZH/ZH-B000066.tar
Emilia/ZH/ZH-B000305.tar
Emilia/ZH/ZH-B000876.tar
Emilia/ZH/ZH-B000451.tar
Emilia/ZH/ZH-B000418.tar
Emilia/ZH/ZH-B000176.tar
Emilia/ZH/ZH-B000064.tar
Emilia/ZH/ZH-B000733.tar
Emilia/ZH/ZH-B000856.tar
Emilia/ZH/ZH-B000405.tar
Emilia/ZH/ZH-B000605.tar
Emilia/ZH/ZH-B000698.tar
Emilia/ZH/ZH-B000843.tar
Emilia/ZH/ZH-B000420.tar
Emilia/ZH/ZH-B000271.tar
Emilia/ZH/ZH-B000736.tar
Emilia/ZH/ZH-B000537.tar
Emilia/ZH/ZH-B000091.tar
Emilia/ZH/ZH-B000426.tar
Emilia/ZH/ZH-B000415.tar
Emilia/ZH/ZH-B000847.tar
Emilia/ZH/ZH-B000917.tar
Emilia/ZH/ZH-B000207.tar
Emilia/ZH/ZH-B000013.tar
Emilia/ZH/ZH-B000494.tar
Emilia/ZH/ZH-B000434.tar
Emilia/ZH/ZH-B000133.tar
Emilia/ZH/ZH-B000851.tar
Emilia/ZH/ZH-B000398.tar
Emilia/ZH/ZH-B000462.tar
Emilia/ZH/ZH-B000329.tar
Emilia/ZH/ZH-B000726.tar
Emilia/ZH/ZH-B000553.tar
Emilia/ZH/ZH-B000844.tar
Emilia/ZH/ZH-B000556.tar
Emilia/ZH/ZH-B000349.tar
Emilia/ZH/ZH-B000121.tar
Emilia/ZH/ZH-B000344.tar
Emilia/ZH/ZH-B000591.tar
Emilia/ZH/ZH-B000291.tar
Emilia/ZH/ZH-B000741.tar
Emilia/ZH/ZH-B000791.tar
Emilia/ZH/ZH-B000230.tar
Emilia/ZH/ZH-B000830.tar
Emilia/ZH/ZH-B000529.tar
Emilia/ZH/ZH-B000446.tar
Emilia/ZH/ZH-B000841.tar
Emilia/ZH/ZH-B000688.tar
Emilia/ZH/ZH-B000598.tar
Emilia/ZH/ZH-B000679.tar
Emilia/ZH/ZH-B000486.tar
Emilia/ZH/ZH-B000592.tar
Emilia/ZH/ZH-B000107.tar
Emilia/ZH/ZH-B000199.tar
Emilia/ZH/ZH-B000768.tar
Emilia/ZH/ZH-B000580.tar
Emilia/ZH/ZH-B000259.tar
Emilia/ZH/ZH-B000663.tar
Emilia/ZH/ZH-B000610.tar
Emilia/ZH/ZH-B000654.tar
Emilia/ZH/ZH-B000517.tar
Emilia/ZH/ZH-B000483.tar
Emilia/ZH/ZH-B000382.tar
Emilia/ZH/ZH-B000315.tar
Emilia/ZH/ZH-B000819.tar
Emilia/ZH/ZH-B000028.tar
Emilia/ZH/ZH-B000393.tar
Emilia/ZH/ZH-B000224.tar
Emilia/ZH/ZH-B000631.tar
Emilia/ZH/ZH-B000247.tar
Emilia/ZH/ZH-B000903.tar
Emilia/ZH/ZH-B000318.tar
Emilia/ZH/ZH-B000551.tar
Emilia/ZH/ZH-B000369.tar
Emilia/ZH/ZH-B000912.tar
Emilia/ZH/ZH-B000085.tar
Emilia/ZH/ZH-B000335.tar
Emilia/ZH/ZH-B000438.tar
Emilia/ZH/ZH-B000908.tar
Emilia/ZH/ZH-B000653.tar
Emilia/ZH/ZH-B000785.tar
Emilia/ZH/ZH-B000204.tar
Emilia/ZH/ZH-B000568.tar
Emilia/ZH/ZH-B000837.tar
Emilia/ZH/ZH-B000710.tar
Emilia/ZH/ZH-B000155.tar
Emilia/ZH/ZH-B000388.tar
Emilia/ZH/ZH-B000897.tar
Emilia/ZH/ZH-B000628.tar
Emilia/ZH/ZH-B000573.tar
Emilia/ZH/ZH-B000895.tar
Emilia/ZH/ZH-B000546.tar
Emilia/ZH/ZH-B000343.tar
Emilia/ZH/ZH-B000298.tar
Emilia/ZH/ZH-B000093.tar
Emilia/ZH/ZH-B000187.tar
Emilia/ZH/ZH-B000708.tar
Emilia/ZH/ZH-B000853.tar
Emilia/ZH/ZH-B000910.tar
Emilia/ZH/ZH-B000461.tar
Emilia/ZH/ZH-B000891.tar
Emilia/ZH/ZH-B000221.tar
Emilia/ZH/ZH-B000024.tar
Emilia/ZH/ZH-B000886.tar
Emilia/ZH/ZH-B000805.tar
Emilia/ZH/ZH-B000907.tar
Emilia/ZH/ZH-B000436.tar
Emilia/ZH/ZH-B000407.tar
Emilia/ZH/ZH-B000754.tar
Emilia/ZH/ZH-B000460.tar
Emilia/ZH/ZH-B000527.tar
Emilia/ZH/ZH-B000288.tar
Emilia/ZH/ZH-B000041.tar
Emilia/ZH/ZH-B000105.tar
Emilia/ZH/ZH-B000672.tar
Emilia/ZH/ZH-B000213.tar
Emilia/ZH/ZH-B000658.tar
Emilia/ZH/ZH-B000049.tar
Emilia/ZH/ZH-B000069.tar
Emilia/ZH/ZH-B000171.tar
Emilia/ZH/ZH-B000118.tar
Emilia/ZH/ZH-B000749.tar
Emilia/ZH/ZH-B000521.tar
Emilia/ZH/ZH-B000846.tar
Emilia/ZH/ZH-B000130.tar
Emilia/ZH/ZH-B000756.tar
Emilia/ZH/ZH-B000778.tar
Emilia/ZH/ZH-B000811.tar
Emilia/ZH/ZH-B000831.tar
Emilia/ZH/ZH-B000569.tar
Emilia/ZH/ZH-B000618.tar
Emilia/ZH/ZH-B000274.tar
Emilia/ZH/ZH-B000470.tar
Emilia/ZH/ZH-B000502.tar
Emilia/ZH/ZH-B000125.tar
Emilia/ZH/ZH-B000033.tar
Emilia/ZH/ZH-B000051.tar
Emilia/ZH/ZH-B000884.tar
Emilia/ZH/ZH-B000179.tar
Emilia/ZH/ZH-B000190.tar
Emilia/ZH/ZH-B000479.tar
Emilia/ZH/ZH-B000430.tar
Emilia/ZH/ZH-B000812.tar
Emilia/ZH/ZH-B000401.tar
Emilia/ZH/ZH-B000210.tar
Emilia/ZH/ZH-B000289.tar
Emilia/ZH/ZH-B000555.tar
Emilia/ZH/ZH-B000010.tar
Emilia/ZH/ZH-B000244.tar
Emilia/ZH/ZH-B000232.tar
Emilia/ZH/ZH-B000283.tar
Emilia/ZH/ZH-B000321.tar
Emilia/ZH/ZH-B000054.tar
Emilia/ZH/ZH-B000478.tar
Emilia/ZH/ZH-B000764.tar
Emilia/ZH/ZH-B000266.tar
Emilia/ZH/ZH-B000501.tar
Emilia/ZH/ZH-B000523.tar
Emilia/ZH/ZH-B000333.tar
Emilia/ZH/ZH-B000001.tar
Emilia/ZH/ZH-B000088.tar
Emilia/ZH/ZH-B000796.tar
Emilia/ZH/ZH-B000139.tar
Emilia/ZH/ZH-B000075.tar
Emilia/ZH/ZH-B000431.tar
Emilia/ZH/ZH-B000109.tar
Emilia/ZH/ZH-B000678.tar
Emilia/ZH/ZH-B000896.tar
Emilia/ZH/ZH-B000106.tar
Emilia/ZH/ZH-B000902.tar
Emilia/ZH/ZH-B000368.tar
Emilia/ZH/ZH-B000395.tar
Emilia/ZH/ZH-B000397.tar
Emilia/ZH/ZH-B000234.tar
Emilia/ZH/ZH-B000706.tar
Emilia/ZH/ZH-B000822.tar
Emilia/ZH/ZH-B000018.tar
Emilia/ZH/ZH-B000487.tar
Emilia/ZH/ZH-B000881.tar
Emilia/ZH/ZH-B000915.tar
Emilia/ZH/ZH-B000328.tar
Emilia/ZH/ZH-B000626.tar
Emilia/ZH/ZH-B000450.tar
Emilia/ZH/ZH-B000255.tar
Emilia/ZH/ZH-B000355.tar
Emilia/ZH/ZH-B000712.tar
Emilia/ZH/ZH-B000258.tar
Emilia/ZH/ZH-B000534.tar
Emilia/ZH/ZH-B000836.tar
Emilia/ZH/ZH-B000885.tar
Emilia/ZH/ZH-B000875.tar
Emilia/ZH/ZH-B000467.tar
Emilia/ZH/ZH-B000878.tar
Emilia/ZH/ZH-B000364.tar
Emilia/ZH/ZH-B000624.tar
Emilia/ZH/ZH-B000273.tar
Emilia/ZH/ZH-B000120.tar
Emilia/ZH/ZH-B000559.tar
Emilia/ZH/ZH-B000548.tar
Emilia/ZH/ZH-B000373.tar
Emilia/ZH/ZH-B000814.tar
Emilia/ZH/ZH-B000906.tar
Emilia/ZH/ZH-B000410.tar
Emilia/ZH/ZH-B000786.tar
Emilia/ZH/ZH-B000181.tar
Emilia/ZH/ZH-B000151.tar
Emilia/ZH/ZH-B000490.tar
Emilia/ZH/ZH-B000307.tar
Emilia/ZH/ZH-B000072.tar
Emilia/ZH/ZH-B000370.tar
Emilia/ZH/ZH-B000090.tar
Emilia/ZH/ZH-B000196.tar
Emilia/ZH/ZH-B000282.tar
Emilia/ZH/ZH-B000413.tar
Emilia/ZH/ZH-B000299.tar
Emilia/ZH/ZH-B000131.tar
Emilia/ZH/ZH-B000578.tar
Emilia/ZH/ZH-B000314.tar
Emilia/ZH/ZH-B000562.tar
Emilia/ZH/ZH-B000745.tar
Emilia/ZH/ZH-B000609.tar
Emilia/ZH/ZH-B000193.tar
Emilia/ZH/ZH-B000144.tar
Emilia/ZH/ZH-B000497.tar
Emilia/ZH/ZH-B000020.tar
Emilia/ZH/ZH-B000363.tar
Emilia/ZH/ZH-B000423.tar
Emilia/ZH/ZH-B000292.tar
Emilia/ZH/ZH-B000511.tar
Emilia/ZH/ZH-B000801.tar
Emilia/ZH/ZH-B000284.tar
Emilia/ZH/ZH-B000762.tar
Emilia/ZH/ZH-B000509.tar
Emilia/ZH/ZH-B000402.tar
Emilia/ZH/ZH-B000045.tar
Emilia/ZH/ZH-B000531.tar
Emilia/ZH/ZH-B000834.tar
Emilia/ZH/ZH-B000154.tar
Emilia/ZH/ZH-B000011.tar
Emilia/ZH/ZH-B000544.tar
Emilia/ZH/ZH-B000313.tar
Emilia/ZH/ZH-B000022.tar
Emilia/ZH/ZH-B000645.tar
Emilia/ZH/ZH-B000346.tar
Emilia/ZH/ZH-B000156.tar
Emilia/ZH/ZH-B000732.tar
Emilia/ZH/ZH-B000046.tar
Emilia/ZH/ZH-B000676.tar
Emilia/ZH/ZH-B000728.tar
Emilia/ZH/ZH-B000403.tar
Emilia/ZH/ZH-B000552.tar
Emilia/ZH/ZH-B000889.tar
Emilia/ZH/ZH-B000649.tar
Emilia/ZH/ZH-B000825.tar
Emilia/ZH/ZH-B000689.tar
Emilia/ZH/ZH-B000153.tar
Emilia/ZH/ZH-B000236.tar
Emilia/ZH/ZH-B000454.tar
Emilia/ZH/ZH-B000686.tar
Emilia/ZH/ZH-B000818.tar
Emilia/ZH/ZH-B000596.tar
Emilia/ZH/ZH-B000331.tar
Emilia/ZH/ZH-B000905.tar
Emilia/ZH/ZH-B000211.tar
Emilia/ZH/ZH-B000007.tar
Emilia/ZH/ZH-B000471.tar
Emilia/ZH/ZH-B000160.tar
Emilia/ZH/ZH-B000422.tar
Emilia/ZH/ZH-B000400.tar
Emilia/ZH/ZH-B000707.tar
Emilia/ZH/ZH-B000304.tar
Emilia/ZH/ZH-B000861.tar
Emilia/ZH/ZH-B000711.tar
Emilia/ZH/ZH-B000717.tar
Emilia/ZH/ZH-B000646.tar
Emilia/ZH/ZH-B000202.tar
Emilia/ZH/ZH-B000476.tar
Emilia/ZH/ZH-B000543.tar
Emilia/ZH/ZH-B000079.tar
Emilia/ZH/ZH-B000110.tar
Emilia/ZH/ZH-B000203.tar
Emilia/ZH/ZH-B000112.tar
Emilia/ZH/ZH-B000804.tar
Emilia/ZH/ZH-B000493.tar
Emilia/ZH/ZH-B000414.tar
Emilia/ZH/ZH-B000595.tar
Emilia/ZH/ZH-B000597.tar
Emilia/ZH/ZH-B000528.tar
Emilia/ZH/ZH-B000642.tar
Emilia/ZH/ZH-B000264.tar
Emilia/ZH/ZH-B000636.tar
Emilia/ZH/ZH-B000687.tar
Emilia/ZH/ZH-B000306.tar
Emilia/ZH/ZH-B000747.tar
Emilia/ZH/ZH-B000669.tar
Emilia/ZH/ZH-B000396.tar
Emilia/ZH/ZH-B000220.tar
Emilia/ZH/ZH-B000032.tar
Emilia/ZH/ZH-B000336.tar
Emilia/ZH/ZH-B000773.tar
Emilia/ZH/ZH-B000659.tar
Emilia/ZH/ZH-B000858.tar
Emilia/ZH/ZH-B000620.tar
Emilia/ZH/ZH-B000339.tar
Emilia/ZH/ZH-B000515.tar
Emilia/ZH/ZH-B000914.tar
Emilia/ZH/ZH-B000427.tar
Emilia/ZH/ZH-B000524.tar
Emilia/ZH/ZH-B000241.tar
Emilia/ZH/ZH-B000383.tar
Emilia/ZH/ZH-B000644.tar
Emilia/ZH/ZH-B000704.tar
Emilia/ZH/ZH-B000634.tar
Emilia/ZH/ZH-B000074.tar
Emilia/ZH/ZH-B000725.tar
Emilia/ZH/ZH-B000480.tar
Emilia/ZH/ZH-B000894.tar
Emilia/ZH/ZH-B000675.tar
Emilia/ZH/ZH-B000371.tar
Emilia/ZH/ZH-B000063.tar
Emilia/ZH/ZH-B000290.tar
Emilia/ZH/ZH-B000180.tar
Emilia/ZH/ZH-B000783.tar
Emilia/ZH/ZH-B000056.tar
Emilia/ZH/ZH-B000280.tar
Emilia/ZH/ZH-B000435.tar
Emilia/ZH/ZH-B000375.tar
Emilia/ZH/ZH-B000692.tar
Emilia/ZH/ZH-B000320.tar
Emilia/ZH/ZH-B000632.tar
Emilia/ZH/ZH-B000820.tar
Emilia/ZH/ZH-B000351.tar
Emilia/ZH/ZH-B000000.tar
Emilia/ZH/ZH-B000448.tar
Emilia/ZH/ZH-B000286.tar
Emilia/ZH/ZH-B000864.tar
Emilia/ZH/ZH-B000081.tar
Emilia/ZH/ZH-B000127.tar
Emilia/ZH/ZH-B000129.tar
Emilia/ZH/ZH-B000062.tar
Emilia/ZH/ZH-B000639.tar
Emilia/ZH/ZH-B000037.tar
Emilia/ZH/ZH-B000703.tar
Emilia/ZH/ZH-B000738.tar
Emilia/ZH/ZH-B000053.tar
Emilia/ZH/ZH-B000558.tar
Emilia/ZH/ZH-B000720.tar
Emilia/ZH/ZH-B000186.tar
Emilia/ZH/ZH-B000183.tar
Emilia/ZH/ZH-B000233.tar
Emilia/ZH/ZH-B000852.tar
Emilia/ZH/ZH-B000089.tar
Emilia/ZH/ZH-B000182.tar
Emilia/ZH/ZH-B000662.tar
Emilia/ZH/ZH-B000185.tar
Emilia/ZH/ZH-B000108.tar
Emilia/ZH/ZH-B000184.tar
Emilia/ZH/ZH-B000807.tar
Emilia/ZH/ZH-B000590.tar
Emilia/ZH/ZH-B000378.tar
Emilia/ZH/ZH-B000821.tar
Emilia/ZH/ZH-B000188.tar
Emilia/ZH/ZH-B000740.tar
Emilia/ZH/ZH-B000301.tar
Emilia/ZH/ZH-B000201.tar
Emilia/ZH/ZH-B000226.tar
Emilia/ZH/ZH-B000169.tar
Emilia/ZH/ZH-B000630.tar
Emilia/ZH/ZH-B000622.tar
Emilia/ZH/ZH-B000901.tar
Emilia/ZH/ZH-B000052.tar
Emilia/ZH/ZH-B000148.tar
Emilia/ZH/ZH-B000828.tar
Emilia/ZH/ZH-B000366.tar
Emilia/ZH/ZH-B000038.tar
Emilia/ZH/ZH-B000347.tar
Emilia/ZH/ZH-B000589.tar
Emilia/ZH/ZH-B000695.tar
Emilia/ZH/ZH-B000466.tar
Emilia/ZH/ZH-B000759.tar
Emilia/ZH/ZH-B000134.tar
Emilia/ZH/ZH-B000030.tar
Emilia/ZH/ZH-B000465.tar
Emilia/ZH/ZH-B000152.tar
Emilia/ZH/ZH-B000302.tar
Emilia/ZH/ZH-B000175.tar
Emilia/ZH/ZH-B000874.tar
Emilia/ZH/ZH-B000564.tar
Emilia/ZH/ZH-B000848.tar
Emilia/ZH/ZH-B000547.tar
Emilia/ZH/ZH-B000360.tar
Emilia/ZH/ZH-B000898.tar
Emilia/ZH/ZH-B000094.tar
Emilia/ZH/ZH-B000757.tar
Emilia/ZH/ZH-B000666.tar
Emilia/ZH/ZH-B000617.tar
Emilia/ZH/ZH-B000050.tar
Emilia/ZH/ZH-B000512.tar
Emilia/ZH/ZH-B000002.tar
Emilia/ZH/ZH-B000294.tar
Emilia/ZH/ZH-B000102.tar
Emilia/ZH/ZH-B000239.tar
Emilia/ZH/ZH-B000138.tar
Emilia/ZH/ZH-B000862.tar
Emilia/ZH/ZH-B000482.tar
Emilia/ZH/ZH-B000039.tar
Emilia/ZH/ZH-B000080.tar
Emilia/ZH/ZH-B000012.tar
Emilia/ZH/ZH-B000439.tar
Emilia/ZH/ZH-B000498.tar
Emilia/ZH/ZH-B000324.tar
Emilia/ZH/ZH-B000421.tar
Emilia/ZH/ZH-B000520.tar
Emilia/ZH/ZH-B000463.tar
Emilia/ZH/ZH-B000165.tar
Emilia/ZH/ZH-B000916.tar
Emilia/ZH/ZH-B000417.tar
Emilia/ZH/ZH-B000587.tar
Emilia/ZH/ZH-B000158.tar
Emilia/ZH/ZH-B000742.tar
Emilia/ZH/ZH-B000260.tar
Emilia/ZH/ZH-B000484.tar
Emilia/ZH/ZH-B000604.tar
Emilia/ZH/ZH-B000690.tar
Emilia/ZH/ZH-B000763.tar
Emilia/ZH/ZH-B000696.tar
Emilia/ZH/ZH-B000611.tar
Emilia/ZH/ZH-B000084.tar
Emilia/ZH/ZH-B000723.tar
Emilia/ZH/ZH-B000816.tar
Emilia/ZH/ZH-B000444.tar
Emilia/ZH/ZH-B000730.tar
Emilia/ZH/ZH-B000005.tar
Emilia/ZH/ZH-B000194.tar
Emilia/ZH/ZH-B000865.tar
Emilia/ZH/ZH-B000566.tar
Emilia/ZH/ZH-B000918.tar
Emilia/ZH/ZH-B000023.tar
Emilia/ZH/ZH-B000229.tar
Emilia/ZH/ZH-B000715.tar
Emilia/ZH/ZH-B000246.tar
Emilia/ZH/ZH-B000135.tar
Emilia/ZH/ZH-B000619.tar
Emilia/ZH/ZH-B000789.tar
Emilia/ZH/ZH-B000882.tar
Emilia/ZH/ZH-B000132.tar
Emilia/ZH/ZH-B000026.tar
Emilia/ZH/ZH-B000766.tar
Emilia/ZH/ZH-B000769.tar
Emilia/ZH/ZH-B000743.tar
Emilia/ZH/ZH-B000061.tar
Emilia/ZH/ZH-B000447.tar
Emilia/ZH/ZH-B000027.tar
Emilia/ZH/ZH-B000674.tar
Emilia/ZH/ZH-B000780.tar
Emilia/ZH/ZH-B000340.tar
Emilia/ZH/ZH-B000575.tar
Emilia/ZH/ZH-B000057.tar
Emilia/ZH/ZH-B000870.tar
Emilia/ZH/ZH-B000228.tar
Emilia/ZH/ZH-B000178.tar
Emilia/ZH/ZH-B000372.tar
Emilia/ZH/ZH-B000034.tar
Emilia/ZH/ZH-B000262.tar
Emilia/ZH/ZH-B000472.tar
Emilia/ZH/ZH-B000699.tar
Emilia/ZH/ZH-B000541.tar
Emilia/ZH/ZH-B000670.tar
Emilia/ZH/ZH-B000693.tar
Emilia/ZH/ZH-B000719.tar
Emilia/ZH/ZH-B000565.tar
Emilia/ZH/ZH-B000256.tar
Emilia/ZH/ZH-B000209.tar
Emilia/ZH/ZH-B000036.tar
Emilia/ZH/ZH-B000570.tar
Emilia/ZH/ZH-B000071.tar
Emilia/ZH/ZH-B000588.tar
Emilia/ZH/ZH-B000746.tar
Emilia/ZH/ZH-B000249.tar
Emilia/ZH/ZH-B000149.tar
Emilia/ZH/ZH-B000519.tar
Emilia/ZH/ZH-B000508.tar
Emilia/ZH/ZH-B000365.tar
Emilia/ZH/ZH-B000880.tar
Emilia/ZH/ZH-B000119.tar
Emilia/ZH/ZH-B000860.tar
Emilia/ZH/ZH-B000267.tar
Emilia/ZH/ZH-B000542.tar
Emilia/ZH/ZH-B000140.tar
Emilia/ZH/ZH-B000192.tar
Emilia/ZH/ZH-B000065.tar
Emilia/ZH/ZH-B000748.tar
Emilia/ZH/ZH-B000412.tar
Emilia/ZH/ZH-B000441.tar
Emilia/ZH/ZH-B000099.tar
Emilia/ZH/ZH-B000665.tar
Emilia/ZH/ZH-B000824.tar
Emilia/ZH/ZH-B000540.tar
Emilia/ZH/ZH-B000872.tar
Emilia/ZH/ZH-B000269.tar
Emilia/ZH/ZH-B000253.tar
Emilia/ZH/ZH-B000159.tar
Emilia/ZH/ZH-B000428.tar
Emilia/ZH/ZH-B000638.tar
Emilia/ZH/ZH-B000771.tar
Emilia/ZH/ZH-B000775.tar
Emilia/ZH/ZH-B000734.tar
Emilia/ZH/ZH-B000275.tar
Emilia/ZH/ZH-B000218.tar
Emilia/ZH/ZH-B000724.tar
Emilia/ZH/ZH-B000453.tar
Emilia/ZH/ZH-B000586.tar
Emilia/ZH/ZH-B000489.tar
Emilia/ZH/ZH-B000567.tar
Emilia/ZH/ZH-B000432.tar
Emilia/ZH/ZH-B000685.tar
Emilia/ZH/ZH-B000535.tar
Emilia/ZH/ZH-B000330.tar
Emilia/ZH/ZH-B000261.tar
Emilia/ZH/ZH-B000225.tar
Emilia/ZH/ZH-B000744.tar
Emilia/ZH/ZH-B000561.tar
Emilia/ZH/ZH-B000437.tar
Emilia/ZH/ZH-B000350.tar
Emilia/ZH/ZH-B000600.tar
Emilia/ZH/ZH-B000449.tar
Emilia/ZH/ZH-B000735.tar
Emilia/ZH/ZH-B000198.tar
Emilia/ZH/ZH-B000857.tar
Emilia/ZH/ZH-B000477.tar
Emilia/ZH/ZH-B000849.tar
Emilia/ZH/ZH-B000359.tar
Emilia/ZH/ZH-B000655.tar
Emilia/ZH/ZH-B000367.tar
Emilia/ZH/ZH-B000795.tar
Emilia/ZH/ZH-B000887.tar
Emilia/ZH/ZH-B000300.tar
Emilia/ZH/ZH-B000845.tar
Emilia/ZH/ZH-B000782.tar
Emilia/ZH/ZH-B000268.tar
Emilia/ZH/ZH-B000197.tar
Emilia/ZH/ZH-B000774.tar
Emilia/ZH/ZH-B000014.tar
Emilia/ZH/ZH-B000097.tar
Emilia/ZH/ZH-B000146.tar
Emilia/ZH/ZH-B000661.tar
Emilia/ZH/ZH-B000172.tar
Emilia/ZH/ZH-B000794.tar
Emilia/ZH/ZH-B000143.tar
Emilia/ZH/ZH-B000751.tar
Emilia/ZH/ZH-B000823.tar
Emilia/ZH/ZH-B000216.tar
Emilia/ZH/ZH-B000657.tar
Emilia/ZH/ZH-B000070.tar
Emilia/ZH/ZH-B000584.tar
Emilia/ZH/ZH-B000219.tar
Emilia/ZH/ZH-B000737.tar
Emilia/ZH/ZH-B000285.tar
Emilia/ZH/ZH-B000464.tar
Emilia/ZH/ZH-B000021.tar
Emilia/ZH/ZH-B000625.tar
Emilia/ZH/ZH-B000323.tar
Emilia/ZH/ZH-B000668.tar
Emilia/ZH/ZH-B000473.tar
Emilia/ZH/ZH-B000114.tar
Emilia/ZH/ZH-B000503.tar
Emilia/ZH/ZH-B000716.tar
Emilia/ZH/ZH-B000205.tar
Emilia/ZH/ZH-B000817.tar
Emilia/ZH/ZH-B000270.tar
Emilia/ZH/ZH-B000322.tar
Emilia/ZH/ZH-B000722.tar
Emilia/ZH/ZH-B000784.tar
Emilia/ZH/ZH-B000385.tar
Emilia/ZH/ZH-B000576.tar
Emilia/ZH/ZH-B000506.tar
Emilia/ZH/ZH-B000513.tar
Emilia/ZH/ZH-B000635.tar
Emilia/ZH/ZH-B000381.tar
Emilia/ZH/ZH-B000123.tar
Emilia/ZH/ZH-B000303.tar
Emilia/ZH/ZH-B000276.tar
Emilia/ZH/ZH-B000293.tar
Emilia/ZH/ZH-B000585.tar
Emilia/ZH/ZH-B000212.tar
Emilia/ZH/ZH-B000341.tar
Emilia/ZH/ZH-B000614.tar
Emilia/ZH/ZH-B000536.tar
Emilia/ZH/ZH-B000799.tar
Emilia/ZH/ZH-B000826.tar
Emilia/ZH/ZH-B000664.tar
Emilia/ZH/ZH-B000076.tar
Emilia/ZH/ZH-B000656.tar
Emilia/ZH/ZH-B000337.tar
Emilia/ZH/ZH-B000136.tar
Emilia/ZH/ZH-B000516.tar
Emilia/ZH/ZH-B000850.tar
Emilia/ZH/ZH-B000671.tar
Emilia/ZH/ZH-B000522.tar
Emilia/ZH/ZH-B000854.tar
Emilia/ZH/ZH-B000058.tar
Emilia/ZH/ZH-B000265.tar
Emilia/ZH/ZH-B000044.tar
Emilia/ZH/ZH-B000408.tar
Emilia/ZH/ZH-B000254.tar
Emilia/ZH/ZH-B000557.tar
Emilia/ZH/ZH-B000025.tar
Emilia/ZH/ZH-B000871.tar
Emilia/ZH/ZH-B000868.tar
Emilia/ZH/ZH-B000098.tar
Emilia/ZH/ZH-B000899.tar
Emilia/ZH/ZH-B000594.tar
Emilia/ZH/ZH-B000111.tar
Emilia/ZH/ZH-B000223.tar
Emilia/ZH/ZH-B000532.tar
Emilia/ZH/ZH-B000353.tar
Emilia/ZH/ZH-B000043.tar
Emilia/ZH/ZH-B000629.tar
Emilia/ZH/ZH-B000761.tar
Emilia/ZH/ZH-B000345.tar
Emilia/ZH/ZH-B000504.tar
Emilia/ZH/ZH-B000583.tar
Emilia/ZH/ZH-B000869.tar
Emilia/ZH/ZH-B000474.tar
Emilia/ZH/ZH-B000389.tar
Emilia/ZH/ZH-B000616.tar
Emilia/ZH/ZH-B000048.tar
Emilia/ZH/ZH-B000574.tar
Emilia/ZH/ZH-B000539.tar
Emilia/ZH/ZH-B000637.tar
Emilia/ZH/ZH-B000100.tar
Emilia/ZH/ZH-B000550.tar
Emilia/ZH/ZH-B000701.tar
Emilia/ZH/ZH-B000803.tar
Emilia/ZH/ZH-B000419.tar
Emilia/ZH/ZH-B000603.tar
Emilia/ZH/ZH-B000399.tar
Emilia/ZH/ZH-B000673.tar
Emilia/ZH/ZH-B000103.tar
Emilia/ZH/ZH-B000354.tar
Emilia/ZH/ZH-B000238.tar
Emilia/ZH/ZH-B000077.tar
Emilia/ZH/ZH-B000787.tar
Emilia/ZH/ZH-B000017.tar
Emilia/ZH/ZH-B000660.tar
Emilia/ZH/ZH-B000142.tar
Emilia/ZH/ZH-B000338.tar
Emilia/ZH/ZH-B000496.tar
Emilia/ZH/ZH-B000327.tar
Emilia/ZH/ZH-B000560.tar
Emilia/ZH/ZH-B000047.tar
Emilia/ZH/ZH-B000016.tar
Emilia/ZH/ZH-B000235.tar
Emilia/ZH/ZH-B000409.tar
Emilia/ZH/ZH-B000697.tar
Emilia/ZH/ZH-B000278.tar
Emilia/ZH/ZH-B000386.tar
Emilia/ZH/ZH-B000035.tar
Emilia/ZH/ZH-B000191.tar
Emilia/ZH/ZH-B000263.tar
Emilia/ZH/ZH-B000237.tar
Emilia/ZH/ZH-B000648.tar
Emilia/ZH/ZH-B000781.tar
Emilia/ZH/ZH-B000500.tar
Emilia/ZH/ZH-B000505.tar
Emilia/ZH/ZH-B000357.tar
Emilia/ZH/ZH-B000667.tar
Emilia/ZH/ZH-B000031.tar
Emilia/ZH/ZH-B000334.tar
Emilia/ZH/ZH-B000855.tar
Emilia/ZH/ZH-B000042.tar
Emilia/ZH/ZH-B000087.tar
Emilia/ZH/ZH-B000019.tar
Emilia/ZH/ZH-B000835.tar
Emilia/ZH/ZH-B000713.tar
Emilia/ZH/ZH-B000469.tar
Emilia/ZH/ZH-B000877.tar
Emilia/ZH/ZH-B000808.tar
Emilia/ZH/ZH-B000245.tar
Emilia/ZH/ZH-B000545.tar
Emilia/ZH/ZH-B000612.tar
Emilia/ZH/ZH-B000727.tar
Emilia/ZH/ZH-B000765.tar
Emilia/ZH/ZH-B000507.tar
Emilia/ZH/ZH-B000252.tar
Emilia/ZH/ZH-B000499.tar
Emilia/ZH/ZH-B000491.tar
Emilia/ZH/ZH-B000227.tar
Emilia/ZH/ZH-B000798.tar
Emilia/ZH/ZH-B000150.tar
Emilia/ZH/ZH-B000167.tar
Emilia/ZH/ZH-B000231.tar
Emilia/ZH/ZH-B000164.tar
Emilia/ZH/ZH-B000579.tar
Emilia/ZH/ZH-B000377.tar
Emilia/ZH/ZH-B000767.tar
Emilia/ZH/ZH-B000488.tar
Emilia/ZH/ZH-B000739.tar
Emilia/ZH/ZH-B000554.tar
Emilia/ZH/ZH-B000092.tar
Emilia/ZH/ZH-B000287.tar
Emilia/ZH/ZH-B000332.tar
Emilia/ZH/ZH-B000308.tar
Emilia/ZH/ZH-B000391.tar
Emilia/ZH/ZH-B000750.tar
Emilia/ZH/ZH-B000117.tar
Emilia/ZH/ZH-B000113.tar
Emilia/ZH/ZH-B000362.tar
Emilia/ZH/ZH-B000606.tar
Emilia/ZH/ZH-B000893.tar
Emilia/ZH/ZH-B000879.tar
Emilia/ZH/ZH-B000647.tar
Emilia/ZH/ZH-B000495.tar
Emilia/ZH/ZH-B000623.tar
Emilia/ZH/ZH-B000161.tar
Emilia/ZH/ZH-B000718.tar
Emilia/ZH/ZH-B000772.tar
Emilia/ZH/ZH-B000627.tar
Emilia/ZH/ZH-B000601.tar
Emilia/ZH/ZH-B000827.tar
Emilia/ZH/ZH-B000832.tar
Emilia/ZH/ZH-B000147.tar
Emilia/ZH/ZH-B000356.tar
Emilia/ZH/ZH-B000641.tar
Emilia/ZH/ZH-B000581.tar
Emilia/ZH/ZH-B000792.tar
Emilia/ZH/ZH-B000680.tar
Emilia/ZH/ZH-B000510.tar
Emilia/ZH/ZH-B000892.tar
Emilia/ZH/ZH-B000797.tar
Emilia/ZH/ZH-B000310.tar
Emilia/ZH/ZH-B000809.tar
Emilia/EN/EN-B000860.tar
Emilia/EN/EN-B000772.tar
Emilia/EN/EN-B001109.tar
Emilia/EN/EN-B000493.tar
Emilia/EN/EN-B000473.tar
Emilia/EN/EN-B000555.tar
Emilia/EN/EN-B000824.tar
Emilia/EN/EN-B000588.tar
Emilia/EN/EN-B000259.tar
Emilia/EN/EN-B000638.tar
Emilia/EN/EN-B000924.tar
Emilia/EN/EN-B000452.tar
Emilia/EN/EN-B000152.tar
Emilia/EN/EN-B000167.tar
Emilia/EN/EN-B000144.tar
Emilia/EN/EN-B000867.tar
Emilia/EN/EN-B000531.tar
Emilia/EN/EN-B000746.tar
Emilia/EN/EN-B000394.tar
Emilia/EN/EN-B000384.tar
Emilia/EN/EN-B000285.tar
Emilia/EN/EN-B001139.tar
Emilia/EN/EN-B000012.tar
Emilia/EN/EN-B001022.tar
Emilia/EN/EN-B000848.tar
Emilia/EN/EN-B000932.tar
Emilia/EN/EN-B000429.tar
Emilia/EN/EN-B000069.tar
Emilia/EN/EN-B000702.tar
Emilia/EN/EN-B000910.tar
Emilia/EN/EN-B001046.tar
Emilia/EN/EN-B000849.tar
Emilia/EN/EN-B000288.tar
Emilia/EN/EN-B000673.tar
Emilia/EN/EN-B000368.tar
Emilia/EN/EN-B000699.tar
Emilia/EN/EN-B000749.tar
Emilia/EN/EN-B000925.tar
Emilia/EN/EN-B000633.tar
Emilia/EN/EN-B000349.tar
Emilia/EN/EN-B000467.tar
Emilia/EN/EN-B001078.tar
Emilia/EN/EN-B000938.tar
Emilia/EN/EN-B000428.tar
Emilia/EN/EN-B001121.tar
Emilia/EN/EN-B000526.tar
Emilia/EN/EN-B000185.tar
Emilia/EN/EN-B000581.tar
Emilia/EN/EN-B000679.tar
Emilia/EN/EN-B000470.tar
Emilia/EN/EN-B000113.tar
Emilia/EN/EN-B000089.tar
Emilia/EN/EN-B000951.tar
Emilia/EN/EN-B000197.tar
Emilia/EN/EN-B000773.tar
Emilia/EN/EN-B000767.tar
Emilia/EN/EN-B000989.tar
Emilia/EN/EN-B000050.tar
Emilia/EN/EN-B001004.tar
Emilia/EN/EN-B000561.tar
Emilia/EN/EN-B000656.tar
Emilia/EN/EN-B000619.tar
Emilia/EN/EN-B000244.tar
Emilia/EN/EN-B000844.tar
Emilia/EN/EN-B001052.tar
Emilia/EN/EN-B000358.tar
Emilia/EN/EN-B000091.tar
Emilia/EN/EN-B000505.tar
Emilia/EN/EN-B001107.tar
Emilia/EN/EN-B000930.tar
Emilia/EN/EN-B001110.tar
Emilia/EN/EN-B000477.tar
Emilia/EN/EN-B000054.tar
Emilia/EN/EN-B000438.tar
Emilia/EN/EN-B000982.tar
Emilia/EN/EN-B000841.tar
Emilia/EN/EN-B000740.tar
Emilia/EN/EN-B000105.tar
Emilia/EN/EN-B000694.tar
Emilia/EN/EN-B000489.tar
Emilia/EN/EN-B000485.tar
Emilia/EN/EN-B000036.tar
Emilia/EN/EN-B000095.tar
Emilia/EN/EN-B000400.tar
Emilia/EN/EN-B000421.tar
Emilia/EN/EN-B000550.tar
Emilia/EN/EN-B000364.tar
Emilia/EN/EN-B000680.tar
Emilia/EN/EN-B000195.tar
Emilia/EN/EN-B000098.tar
Emilia/EN/EN-B000278.tar
Emilia/EN/EN-B000672.tar
Emilia/EN/EN-B000214.tar
Emilia/EN/EN-B000992.tar
Emilia/EN/EN-B000217.tar
Emilia/EN/EN-B000457.tar
Emilia/EN/EN-B000864.tar
Emilia/EN/EN-B000326.tar
Emilia/EN/EN-B000063.tar
Emilia/EN/EN-B000747.tar
Emilia/EN/EN-B000312.tar
Emilia/EN/EN-B000487.tar
Emilia/EN/EN-B001134.tar
Emilia/EN/EN-B000231.tar
Emilia/EN/EN-B000030.tar
Emilia/EN/EN-B000509.tar
Emilia/EN/EN-B000900.tar
Emilia/EN/EN-B000307.tar
Emilia/EN/EN-B000267.tar
Emilia/EN/EN-B000912.tar
Emilia/EN/EN-B000846.tar
Emilia/EN/EN-B001067.tar
Emilia/EN/EN-B000623.tar
Emilia/EN/EN-B000137.tar
Emilia/EN/EN-B000357.tar
Emilia/EN/EN-B000832.tar
Emilia/EN/EN-B000738.tar
Emilia/EN/EN-B000314.tar
Emilia/EN/EN-B000929.tar
Emilia/EN/EN-B000666.tar
Emilia/EN/EN-B000497.tar
Emilia/EN/EN-B000520.tar
Emilia/EN/EN-B000564.tar
Emilia/EN/EN-B000857.tar
Emilia/EN/EN-B000013.tar
Emilia/EN/EN-B000104.tar
Emilia/EN/EN-B000843.tar
Emilia/EN/EN-B000931.tar
Emilia/EN/EN-B000153.tar
Emilia/EN/EN-B000926.tar
Emilia/EN/EN-B000078.tar
Emilia/EN/EN-B000800.tar
Emilia/EN/EN-B000889.tar
Emilia/EN/EN-B000770.tar
Emilia/EN/EN-B000205.tar
Emilia/EN/EN-B000299.tar
Emilia/EN/EN-B000817.tar
Emilia/EN/EN-B000510.tar
Emilia/EN/EN-B000275.tar
Emilia/EN/EN-B001125.tar
Emilia/EN/EN-B000168.tar
Emilia/EN/EN-B000729.tar
Emilia/EN/EN-B001036.tar
Emilia/EN/EN-B000230.tar
Emilia/EN/EN-B000029.tar
Emilia/EN/EN-B000504.tar
Emilia/EN/EN-B000186.tar
Emilia/EN/EN-B000484.tar
Emilia/EN/EN-B000527.tar
Emilia/EN/EN-B000155.tar
Emilia/EN/EN-B000017.tar
Emilia/EN/EN-B000234.tar
Emilia/EN/EN-B000060.tar
Emilia/EN/EN-B000622.tar
Emilia/EN/EN-B000249.tar
Emilia/EN/EN-B000032.tar
Emilia/EN/EN-B000877.tar
Emilia/EN/EN-B000725.tar
Emilia/EN/EN-B000674.tar
Emilia/EN/EN-B000563.tar
Emilia/EN/EN-B000654.tar
Emilia/EN/EN-B001040.tar
Emilia/EN/EN-B000046.tar
Emilia/EN/EN-B000306.tar
Emilia/EN/EN-B000348.tar
Emilia/EN/EN-B000084.tar
Emilia/EN/EN-B000410.tar
Emilia/EN/EN-B000099.tar
Emilia/EN/EN-B000523.tar
Emilia/EN/EN-B001097.tar
Emilia/EN/EN-B001106.tar
Emilia/EN/EN-B001080.tar
Emilia/EN/EN-B000023.tar
Emilia/EN/EN-B000650.tar
Emilia/EN/EN-B001025.tar
Emilia/EN/EN-B000913.tar
Emilia/EN/EN-B000347.tar
Emilia/EN/EN-B000508.tar
Emilia/EN/EN-B001059.tar
Emilia/EN/EN-B000952.tar
Emilia/EN/EN-B000235.tar
Emilia/EN/EN-B000652.tar
Emilia/EN/EN-B000298.tar
Emilia/EN/EN-B000272.tar
Emilia/EN/EN-B000341.tar
Emilia/EN/EN-B001010.tar
Emilia/EN/EN-B001041.tar
Emilia/EN/EN-B000878.tar
Emilia/EN/EN-B000475.tar
Emilia/EN/EN-B000506.tar
Emilia/EN/EN-B001089.tar
Emilia/EN/EN-B000305.tar
Emilia/EN/EN-B000724.tar
Emilia/EN/EN-B000196.tar
Emilia/EN/EN-B000462.tar
Emilia/EN/EN-B000756.tar
Emilia/EN/EN-B000041.tar
Emilia/EN/EN-B000117.tar
Emilia/EN/EN-B000765.tar
Emilia/EN/EN-B000044.tar
Emilia/EN/EN-B000933.tar
Emilia/EN/EN-B000422.tar
Emilia/EN/EN-B000154.tar
Emilia/EN/EN-B000426.tar
Emilia/EN/EN-B000254.tar
Emilia/EN/EN-B000503.tar
Emilia/EN/EN-B000319.tar
Emilia/EN/EN-B000829.tar
Emilia/EN/EN-B000222.tar
Emilia/EN/EN-B000736.tar
Emilia/EN/EN-B000961.tar
Emilia/EN/EN-B000512.tar
Emilia/EN/EN-B000776.tar
Emilia/EN/EN-B001015.tar
Emilia/EN/EN-B000934.tar
Emilia/EN/EN-B000802.tar
Emilia/EN/EN-B000808.tar
Emilia/EN/EN-B000471.tar
Emilia/EN/EN-B001062.tar
Emilia/EN/EN-B000757.tar
Emilia/EN/EN-B000986.tar
Emilia/EN/EN-B000080.tar
Emilia/EN/EN-B000821.tar
Emilia/EN/EN-B000810.tar
Emilia/EN/EN-B000061.tar
Emilia/EN/EN-B000107.tar
Emilia/EN/EN-B001116.tar
Emilia/EN/EN-B000188.tar
Emilia/EN/EN-B000047.tar
Emilia/EN/EN-B001084.tar
Emilia/EN/EN-B000803.tar
Emilia/EN/EN-B000171.tar
Emilia/EN/EN-B001114.tar
Emilia/EN/EN-B000987.tar
Emilia/EN/EN-B000038.tar
Emilia/EN/EN-B000147.tar
Emilia/EN/EN-B000711.tar
Emilia/EN/EN-B000967.tar
Emilia/EN/EN-B000149.tar
Emilia/EN/EN-B000409.tar
Emilia/EN/EN-B000328.tar
Emilia/EN/EN-B000689.tar
Emilia/EN/EN-B000816.tar
Emilia/EN/EN-B001090.tar
Emilia/EN/EN-B000329.tar
Emilia/EN/EN-B000194.tar
Emilia/EN/EN-B000413.tar
Emilia/EN/EN-B000856.tar
Emilia/EN/EN-B000164.tar
Emilia/EN/EN-B000395.tar
Emilia/EN/EN-B000495.tar
Emilia/EN/EN-B000792.tar
Emilia/EN/EN-B001063.tar
Emilia/EN/EN-B000690.tar
Emilia/EN/EN-B000524.tar
Emilia/EN/EN-B000696.tar
Emilia/EN/EN-B000015.tar
Emilia/EN/EN-B000804.tar
Emilia/EN/EN-B000274.tar
Emilia/EN/EN-B001132.tar
Emilia/EN/EN-B000716.tar
Emilia/EN/EN-B001047.tar
Emilia/EN/EN-B000731.tar
Emilia/EN/EN-B000715.tar
Emilia/EN/EN-B000219.tar
Emilia/EN/EN-B000502.tar
Emilia/EN/EN-B000253.tar
Emilia/EN/EN-B000411.tar
Emilia/EN/EN-B000777.tar
Emilia/EN/EN-B001000.tar
Emilia/EN/EN-B000859.tar
Emilia/EN/EN-B000332.tar
Emilia/EN/EN-B000151.tar
Emilia/EN/EN-B000722.tar
Emilia/EN/EN-B000277.tar
Emilia/EN/EN-B000435.tar
Emilia/EN/EN-B001076.tar
Emilia/EN/EN-B000096.tar
Emilia/EN/EN-B000218.tar
Emilia/EN/EN-B000664.tar
Emilia/EN/EN-B000794.tar
Emilia/EN/EN-B000071.tar
Emilia/EN/EN-B000229.tar
Emilia/EN/EN-B000053.tar
Emilia/EN/EN-B000077.tar
Emilia/EN/EN-B001117.tar
Emilia/EN/EN-B000681.tar
Emilia/EN/EN-B001008.tar
Emilia/EN/EN-B000042.tar
Emilia/EN/EN-B000874.tar
Emilia/EN/EN-B001009.tar
Emilia/EN/EN-B000118.tar
Emilia/EN/EN-B000001.tar
Emilia/EN/EN-B000374.tar
Emilia/EN/EN-B000162.tar
Emilia/EN/EN-B000190.tar
Emilia/EN/EN-B000684.tar
Emilia/EN/EN-B000713.tar
Emilia/EN/EN-B000868.tar
Emilia/EN/EN-B001088.tar
Emilia/EN/EN-B000649.tar
Emilia/EN/EN-B000796.tar
Emilia/EN/EN-B000845.tar
Emilia/EN/EN-B000045.tar
Emilia/EN/EN-B000138.tar
Emilia/EN/EN-B000837.tar
Emilia/EN/EN-B000565.tar
Emilia/EN/EN-B000766.tar
Emilia/EN/EN-B000248.tar
Emilia/EN/EN-B001077.tar
Emilia/EN/EN-B000855.tar
Emilia/EN/EN-B000019.tar
Emilia/EN/EN-B000028.tar
Emilia/EN/EN-B000789.tar
Emilia/EN/EN-B000693.tar
Emilia/EN/EN-B000528.tar
Emilia/EN/EN-B000842.tar
Emilia/EN/EN-B000707.tar
Emilia/EN/EN-B000090.tar
Emilia/EN/EN-B000097.tar
Emilia/EN/EN-B000799.tar
Emilia/EN/EN-B000486.tar
Emilia/EN/EN-B000768.tar
Emilia/EN/EN-B000907.tar
Emilia/EN/EN-B000611.tar
Emilia/EN/EN-B000705.tar
Emilia/EN/EN-B000390.tar
Emilia/EN/EN-B000574.tar
Emilia/EN/EN-B000631.tar
Emilia/EN/EN-B000372.tar
Emilia/EN/EN-B000928.tar
Emilia/EN/EN-B000407.tar
Emilia/EN/EN-B001137.tar
Emilia/EN/EN-B001060.tar
Emilia/EN/EN-B000608.tar
Emilia/EN/EN-B000425.tar
Emilia/EN/EN-B001028.tar
Emilia/EN/EN-B000601.tar
Emilia/EN/EN-B000963.tar
Emilia/EN/EN-B001126.tar
Emilia/EN/EN-B000540.tar
Emilia/EN/EN-B000251.tar
Emilia/EN/EN-B000797.tar
Emilia/EN/EN-B000854.tar
Emilia/EN/EN-B000976.tar
Emilia/EN/EN-B000966.tar
Emilia/EN/EN-B001096.tar
Emilia/EN/EN-B000834.tar
Emilia/EN/EN-B000965.tar
Emilia/EN/EN-B000283.tar
Emilia/EN/EN-B000663.tar
Emilia/EN/EN-B000000.tar
Emilia/EN/EN-B000343.tar
Emilia/EN/EN-B000592.tar
Emilia/EN/EN-B000083.tar
Emilia/EN/EN-B000894.tar
Emilia/EN/EN-B000112.tar
Emilia/EN/EN-B000748.tar
Emilia/EN/EN-B000282.tar
Emilia/EN/EN-B000354.tar
Emilia/EN/EN-B000958.tar
Emilia/EN/EN-B000657.tar
Emilia/EN/EN-B000895.tar
Emilia/EN/EN-B000129.tar
Emilia/EN/EN-B000541.tar
Emilia/EN/EN-B000720.tar
Emilia/EN/EN-B000532.tar
Emilia/EN/EN-B000450.tar
Emilia/EN/EN-B000172.tar
Emilia/EN/EN-B000629.tar
Emilia/EN/EN-B000897.tar
Emilia/EN/EN-B000835.tar
Emilia/EN/EN-B000671.tar
Emilia/EN/EN-B001064.tar
Emilia/EN/EN-B000415.tar
Emilia/EN/EN-B000753.tar
Emilia/EN/EN-B000255.tar
Emilia/EN/EN-B000941.tar
Emilia/EN/EN-B000745.tar
Emilia/EN/EN-B000142.tar
Emilia/EN/EN-B000052.tar
Emilia/EN/EN-B000979.tar
Emilia/EN/EN-B000212.tar
Emilia/EN/EN-B001027.tar
Emilia/EN/EN-B000300.tar
Emilia/EN/EN-B000667.tar
Emilia/EN/EN-B000266.tar
Emilia/EN/EN-B000688.tar
Emilia/EN/EN-B000734.tar
Emilia/EN/EN-B000691.tar
Emilia/EN/EN-B000350.tar
Emilia/EN/EN-B000589.tar
Emilia/EN/EN-B000006.tar
Emilia/EN/EN-B000838.tar
Emilia/EN/EN-B000851.tar
Emilia/EN/EN-B000594.tar
Emilia/EN/EN-B000809.tar
Emilia/EN/EN-B001127.tar
Emilia/EN/EN-B000119.tar
Emilia/EN/EN-B000126.tar
Emilia/EN/EN-B000603.tar
Emilia/EN/EN-B000232.tar
Emilia/EN/EN-B000549.tar
Emilia/EN/EN-B000227.tar
Emilia/EN/EN-B000793.tar
Emilia/EN/EN-B000271.tar
Emilia/EN/EN-B000443.tar
Emilia/EN/EN-B000583.tar
Emilia/EN/EN-B000576.tar
Emilia/EN/EN-B001079.tar
Emilia/EN/EN-B000827.tar
Emilia/EN/EN-B000292.tar
Emilia/EN/EN-B001026.tar
Emilia/EN/EN-B000584.tar
Emilia/EN/EN-B000370.tar
Emilia/EN/EN-B000221.tar
Emilia/EN/EN-B000853.tar
Emilia/EN/EN-B000224.tar
Emilia/EN/EN-B000701.tar
Emilia/EN/EN-B000830.tar
Emilia/EN/EN-B000575.tar
Emilia/EN/EN-B001024.tar
Emilia/EN/EN-B000752.tar
Emilia/EN/EN-B000962.tar
Emilia/EN/EN-B001111.tar
Emilia/EN/EN-B000359.tar
Emilia/EN/EN-B000324.tar
Emilia/EN/EN-B000313.tar
Emilia/EN/EN-B001101.tar
Emilia/EN/EN-B000331.tar
Emilia/EN/EN-B001068.tar
Emilia/EN/EN-B000284.tar
Emilia/EN/EN-B000170.tar
Emilia/EN/EN-B000630.tar
Emilia/EN/EN-B000397.tar
Emilia/EN/EN-B000058.tar
Emilia/EN/EN-B000309.tar
Emilia/EN/EN-B001035.tar
Emilia/EN/EN-B000805.tar
Emilia/EN/EN-B000327.tar
Emilia/EN/EN-B000376.tar
Emilia/EN/EN-B000636.tar
Emilia/EN/EN-B000948.tar
Emilia/EN/EN-B000937.tar
Emilia/EN/EN-B000192.tar
Emilia/EN/EN-B000225.tar
Emilia/EN/EN-B000551.tar
Emilia/EN/EN-B000968.tar
Emilia/EN/EN-B000159.tar
Emilia/EN/EN-B000620.tar
Emilia/EN/EN-B000836.tar
Emilia/EN/EN-B000466.tar
Emilia/EN/EN-B000607.tar
Emilia/EN/EN-B000935.tar
Emilia/EN/EN-B000110.tar
Emilia/EN/EN-B000206.tar
Emilia/EN/EN-B001069.tar
Emilia/EN/EN-B000943.tar
Emilia/EN/EN-B000801.tar
Emilia/EN/EN-B000993.tar
Emilia/EN/EN-B000366.tar
Emilia/EN/EN-B000191.tar
Emilia/EN/EN-B000269.tar
Emilia/EN/EN-B000866.tar
Emilia/EN/EN-B000784.tar
Emilia/EN/EN-B000785.tar
Emilia/EN/EN-B000459.tar
Emilia/EN/EN-B001074.tar
Emilia/EN/EN-B000605.tar
Emilia/EN/EN-B000942.tar
Emilia/EN/EN-B000318.tar
Emilia/EN/EN-B000954.tar
Emilia/EN/EN-B001002.tar
Emilia/EN/EN-B000386.tar
Emilia/EN/EN-B000812.tar
Emilia/EN/EN-B000406.tar
Emilia/EN/EN-B000472.tar
Emilia/EN/EN-B000964.tar
Emilia/EN/EN-B000367.tar
Emilia/EN/EN-B001001.tar
Emilia/EN/EN-B000774.tar
Emilia/EN/EN-B000302.tar
Emilia/EN/EN-B000094.tar
Emilia/EN/EN-B000427.tar
Emilia/EN/EN-B000468.tar
Emilia/EN/EN-B000311.tar
Emilia/EN/EN-B000456.tar
Emilia/EN/EN-B000983.tar
Emilia/EN/EN-B000490.tar
Emilia/EN/EN-B000536.tar
Emilia/EN/EN-B001070.tar
Emilia/EN/EN-B000004.tar
Emilia/EN/EN-B000750.tar
Emilia/EN/EN-B001038.tar
Emilia/EN/EN-B001082.tar
Emilia/EN/EN-B000609.tar
Emilia/EN/EN-B000464.tar
Emilia/EN/EN-B000082.tar
Emilia/EN/EN-B001066.tar
Emilia/EN/EN-B000316.tar
Emilia/EN/EN-B000210.tar
Emilia/EN/EN-B000048.tar
Emilia/EN/EN-B001099.tar
Emilia/EN/EN-B000927.tar
Emilia/EN/EN-B000320.tar
Emilia/EN/EN-B000648.tar
Emilia/EN/EN-B000216.tar
Emilia/EN/EN-B000905.tar
Emilia/EN/EN-B000730.tar
Emilia/EN/EN-B000712.tar
Emilia/EN/EN-B001055.tar
Emilia/EN/EN-B000461.tar
Emilia/EN/EN-B000062.tar
Emilia/EN/EN-B001136.tar
Emilia/EN/EN-B001085.tar
Emilia/EN/EN-B000055.tar
Emilia/EN/EN-B000369.tar
Emilia/EN/EN-B000665.tar
Emilia/EN/EN-B000554.tar
Emilia/EN/EN-B000199.tar
Emilia/EN/EN-B000997.tar
Emilia/EN/EN-B000787.tar
Emilia/EN/EN-B000031.tar
Emilia/EN/EN-B000904.tar
Emilia/EN/EN-B000700.tar
Emilia/EN/EN-B000387.tar
Emilia/EN/EN-B000764.tar
Emilia/EN/EN-B000011.tar
Emilia/EN/EN-B000362.tar
Emilia/EN/EN-B000124.tar
Emilia/EN/EN-B001138.tar
Emilia/EN/EN-B000333.tar
Emilia/EN/EN-B000187.tar
Emilia/EN/EN-B000515.tar
Emilia/EN/EN-B000676.tar
Emilia/EN/EN-B001033.tar
Emilia/EN/EN-B000245.tar
Emilia/EN/EN-B000517.tar
Emilia/EN/EN-B000726.tar
Emilia/EN/EN-B000130.tar
Emilia/EN/EN-B000141.tar
Emilia/EN/EN-B000346.tar
Emilia/EN/EN-B000014.tar
Emilia/EN/EN-B000024.tar
Emilia/EN/EN-B000379.tar
Emilia/EN/EN-B000440.tar
Emilia/EN/EN-B000828.tar
Emilia/EN/EN-B000469.tar
Emilia/EN/EN-B000419.tar
Emilia/EN/EN-B000786.tar
Emilia/EN/EN-B000880.tar
Emilia/EN/EN-B000116.tar
Emilia/EN/EN-B000093.tar
Emilia/EN/EN-B000025.tar
Emilia/EN/EN-B000916.tar
Emilia/EN/EN-B000678.tar
Emilia/EN/EN-B000539.tar
Emilia/EN/EN-B000294.tar
Emilia/EN/EN-B000385.tar
Emilia/EN/EN-B000140.tar
Emilia/EN/EN-B000659.tar
Emilia/EN/EN-B000040.tar
Emilia/EN/EN-B000999.tar
Emilia/EN/EN-B001129.tar
Emilia/EN/EN-B001029.tar
Emilia/EN/EN-B000635.tar
Emilia/EN/EN-B000169.tar
Emilia/EN/EN-B000990.tar
Emilia/EN/EN-B000261.tar
Emilia/EN/EN-B000779.tar
Emilia/EN/EN-B000580.tar
Emilia/EN/EN-B000762.tar
Emilia/EN/EN-B000398.tar
Emilia/EN/EN-B000027.tar
Emilia/EN/EN-B000448.tar
Emilia/EN/EN-B000558.tar
Emilia/EN/EN-B000863.tar
Emilia/EN/EN-B000498.tar
Emilia/EN/EN-B000243.tar
Emilia/EN/EN-B000891.tar
Emilia/EN/EN-B000996.tar
Emilia/EN/EN-B000981.tar
Emilia/EN/EN-B000991.tar
Emilia/EN/EN-B000353.tar
Emilia/EN/EN-B000178.tar
Emilia/EN/EN-B000391.tar
Emilia/EN/EN-B000646.tar
Emilia/EN/EN-B000790.tar
Emilia/EN/EN-B000533.tar
Emilia/EN/EN-B000586.tar
Emilia/EN/EN-B000111.tar
Emilia/EN/EN-B001032.tar
Emilia/EN/EN-B000591.tar
Emilia/EN/EN-B001031.tar
Emilia/EN/EN-B001007.tar
Emilia/EN/EN-B000569.tar
Emilia/EN/EN-B000108.tar
Emilia/EN/EN-B000703.tar
Emilia/EN/EN-B000570.tar
Emilia/EN/EN-B000303.tar
Emilia/EN/EN-B000612.tar
Emilia/EN/EN-B000127.tar
Emilia/EN/EN-B000336.tar
Emilia/EN/EN-B000412.tar
Emilia/EN/EN-B001045.tar
Emilia/EN/EN-B000974.tar
Emilia/EN/EN-B000161.tar
Emilia/EN/EN-B000451.tar
Emilia/EN/EN-B000806.tar
Emilia/EN/EN-B000939.tar
Emilia/EN/EN-B000903.tar
Emilia/EN/EN-B000695.tar
Emilia/EN/EN-B000641.tar
Emilia/EN/EN-B000873.tar
Emilia/EN/EN-B000973.tar
Emilia/EN/EN-B001071.tar
Emilia/EN/EN-B000423.tar
Emilia/EN/EN-B000068.tar
Emilia/EN/EN-B000825.tar
Emilia/EN/EN-B000959.tar
Emilia/EN/EN-B000513.tar
Emilia/EN/EN-B000352.tar
Emilia/EN/EN-B000769.tar
Emilia/EN/EN-B000455.tar
Emilia/EN/EN-B000021.tar
Emilia/EN/EN-B000268.tar
Emilia/EN/EN-B000893.tar
Emilia/EN/EN-B000120.tar
Emilia/EN/EN-B000548.tar
Emilia/EN/EN-B000436.tar
Emilia/EN/EN-B000645.tar
Emilia/EN/EN-B000158.tar
Emilia/EN/EN-B000751.tar
Emilia/EN/EN-B000582.tar
Emilia/EN/EN-B000544.tar
Emilia/EN/EN-B000604.tar
Emilia/EN/EN-B000758.tar
Emilia/EN/EN-B000727.tar
Emilia/EN/EN-B000432.tar
Emilia/EN/EN-B001091.tar
Emilia/EN/EN-B000079.tar
Emilia/EN/EN-B000007.tar
Emilia/EN/EN-B000921.tar
Emilia/EN/EN-B000911.tar
Emilia/EN/EN-B000491.tar
Emilia/EN/EN-B000714.tar
Emilia/EN/EN-B000051.tar
Emilia/EN/EN-B000728.tar
Emilia/EN/EN-B000338.tar
Emilia/EN/EN-B000516.tar
Emilia/EN/EN-B000088.tar
Emilia/EN/EN-B000759.tar
Emilia/EN/EN-B000839.tar
Emilia/EN/EN-B000870.tar
Emilia/EN/EN-B000814.tar
Emilia/EN/EN-B001113.tar
Emilia/EN/EN-B000692.tar
Emilia/EN/EN-B000433.tar
Emilia/EN/EN-B000624.tar
Emilia/EN/EN-B001135.tar
Emilia/EN/EN-B001012.tar
Emilia/EN/EN-B000203.tar
Emilia/EN/EN-B000402.tar
Emilia/EN/EN-B000308.tar
Emilia/EN/EN-B000330.tar
Emilia/EN/EN-B000193.tar
Emilia/EN/EN-B000086.tar
Emilia/EN/EN-B001103.tar
Emilia/EN/EN-B000437.tar
Emilia/EN/EN-B000685.tar
Emilia/EN/EN-B000653.tar
Emilia/EN/EN-B000009.tar
Emilia/EN/EN-B000280.tar
Emilia/EN/EN-B000246.tar
Emilia/EN/EN-B000003.tar
Emilia/EN/EN-B000034.tar
Emilia/EN/EN-B000577.tar
Emilia/EN/EN-B000704.tar
Emilia/EN/EN-B000980.tar
Emilia/EN/EN-B000677.tar
Emilia/EN/EN-B000840.tar
Emilia/EN/EN-B001057.tar
Emilia/EN/EN-B000876.tar
Emilia/EN/EN-B000626.tar
Emilia/EN/EN-B001102.tar
Emilia/EN/EN-B000496.tar
Emilia/EN/EN-B000553.tar
Emilia/EN/EN-B000177.tar
Emilia/EN/EN-B000972.tar
Emilia/EN/EN-B000902.tar
Emilia/EN/EN-B000239.tar
Emilia/EN/EN-B001131.tar
Emilia/EN/EN-B000831.tar
Emilia/EN/EN-B000317.tar
Emilia/EN/EN-B000775.tar
Emilia/EN/EN-B000408.tar
Emilia/EN/EN-B000279.tar
Emilia/EN/EN-B000721.tar
Emilia/EN/EN-B000918.tar
Emilia/EN/EN-B001050.tar
Emilia/EN/EN-B000476.tar
Emilia/EN/EN-B000733.tar
Emilia/EN/EN-B000602.tar
Emilia/EN/EN-B000371.tar
Emilia/EN/EN-B000148.tar
Emilia/EN/EN-B001105.tar
Emilia/EN/EN-B001094.tar
Emilia/EN/EN-B000507.tar
Emilia/EN/EN-B000634.tar
Emilia/EN/EN-B000289.tar
Emilia/EN/EN-B000355.tar
Emilia/EN/EN-B000388.tar
Emilia/EN/EN-B000211.tar
Emilia/EN/EN-B001122.tar
Emilia/EN/EN-B000571.tar
Emilia/EN/EN-B001005.tar
Emilia/EN/EN-B000378.tar
Emilia/EN/EN-B000420.tar
Emilia/EN/EN-B000335.tar
Emilia/EN/EN-B000662.tar
Emilia/EN/EN-B000914.tar
Emilia/EN/EN-B000686.tar
Emilia/EN/EN-B000166.tar
Emilia/EN/EN-B000209.tar
Emilia/EN/EN-B000460.tar
Emilia/EN/EN-B000771.tar
Emilia/EN/EN-B000204.tar
Emilia/EN/EN-B000969.tar
Emilia/EN/EN-B000655.tar
Emilia/EN/EN-B000901.tar
Emilia/EN/EN-B000573.tar
Emilia/EN/EN-B001019.tar
Emilia/EN/EN-B000049.tar
Emilia/EN/EN-B000250.tar
Emilia/EN/EN-B001092.tar
Emilia/EN/EN-B000995.tar
Emilia/EN/EN-B001034.tar
Emilia/EN/EN-B000315.tar
Emilia/EN/EN-B000165.tar
Emilia/EN/EN-B000888.tar
Emilia/EN/EN-B000566.tar
Emilia/EN/EN-B001042.tar
Emilia/EN/EN-B000310.tar
Emilia/EN/EN-B000596.tar
Emilia/EN/EN-B000559.tar
Emilia/EN/EN-B000033.tar
Emilia/EN/EN-B000334.tar
Emilia/EN/EN-B000791.tar
Emilia/EN/EN-B000184.tar
Emilia/EN/EN-B000892.tar
Emilia/EN/EN-B000072.tar
Emilia/EN/EN-B000815.tar
Emilia/EN/EN-B001086.tar
Emilia/EN/EN-B000957.tar
Emilia/EN/EN-B000718.tar
Emilia/EN/EN-B000183.tar
Emilia/EN/EN-B000546.tar
Emilia/EN/EN-B001083.tar
Emilia/EN/EN-B000708.tar
Emilia/EN/EN-B000447.tar
Emilia/EN/EN-B000735.tar
Emilia/EN/EN-B000590.tar
Emilia/EN/EN-B000917.tar
Emilia/EN/EN-B001020.tar
Emilia/EN/EN-B001128.tar
Emilia/EN/EN-B000675.tar
Emilia/EN/EN-B000643.tar
Emilia/EN/EN-B000136.tar
Emilia/EN/EN-B000543.tar
Emilia/EN/EN-B000658.tar
Emilia/EN/EN-B000207.tar
Emilia/EN/EN-B000337.tar
Emilia/EN/EN-B000557.tar
Emilia/EN/EN-B000985.tar
Emilia/EN/EN-B000521.tar
Emilia/EN/EN-B000741.tar
Emilia/EN/EN-B000238.tar
Emilia/EN/EN-B000325.tar
Emilia/EN/EN-B001017.tar
Emilia/EN/EN-B000697.tar
Emilia/EN/EN-B000010.tar
Emilia/EN/EN-B000632.tar
Emilia/EN/EN-B000621.tar
Emilia/EN/EN-B000081.tar
Emilia/EN/EN-B001075.tar
Emilia/EN/EN-B000180.tar
Emilia/EN/EN-B000597.tar
Emilia/EN/EN-B000150.tar
Emilia/EN/EN-B000798.tar
Emilia/EN/EN-B000057.tar
Emilia/EN/EN-B000599.tar
Emilia/EN/EN-B000215.tar
Emilia/EN/EN-B000430.tar
Emilia/EN/EN-B000637.tar
Emilia/EN/EN-B000070.tar
Emilia/EN/EN-B000220.tar
Emilia/EN/EN-B000441.tar
Emilia/EN/EN-B000585.tar
Emilia/EN/EN-B000669.tar
Emilia/EN/EN-B000947.tar
Emilia/EN/EN-B000872.tar
Emilia/EN/EN-B000511.tar
Emilia/EN/EN-B000644.tar
Emilia/EN/EN-B000085.tar
Emilia/EN/EN-B000241.tar
Emilia/EN/EN-B000651.tar
Emilia/EN/EN-B000988.tar
Emilia/EN/EN-B000247.tar
Emilia/EN/EN-B000474.tar
Emilia/EN/EN-B000613.tar
Emilia/EN/EN-B000552.tar
Emilia/EN/EN-B000640.tar
Emilia/EN/EN-B000865.tar
Emilia/EN/EN-B000189.tar
Emilia/EN/EN-B000984.tar
Emilia/EN/EN-B000252.tar
Emilia/EN/EN-B000717.tar
Emilia/EN/EN-B000522.tar
Emilia/EN/EN-B000538.tar
Emilia/EN/EN-B000819.tar
Emilia/EN/EN-B000133.tar
Emilia/EN/EN-B000647.tar
Emilia/EN/EN-B000478.tar
Emilia/EN/EN-B000020.tar
Emilia/EN/EN-B000092.tar
Emilia/EN/EN-B000879.tar
Emilia/EN/EN-B000270.tar
Emilia/EN/EN-B000383.tar
Emilia/EN/EN-B000035.tar
Emilia/EN/EN-B000595.tar
Emilia/EN/EN-B000852.tar
Emilia/EN/EN-B000131.tar
Emilia/EN/EN-B000763.tar
Emilia/EN/EN-B000076.tar
Emilia/EN/EN-B000418.tar
Emilia/EN/EN-B000723.tar
Emilia/EN/EN-B001014.tar
Emilia/EN/EN-B000709.tar
Emilia/EN/EN-B000642.tar
Emilia/EN/EN-B000482.tar
Emilia/EN/EN-B001065.tar
Emilia/EN/EN-B000389.tar
Emilia/EN/EN-B001056.tar
Emilia/EN/EN-B000896.tar
Emilia/EN/EN-B000156.tar
Emilia/EN/EN-B000256.tar
Emilia/EN/EN-B000458.tar
Emilia/EN/EN-B000782.tar
Emilia/EN/EN-B000887.tar
Emilia/EN/EN-B000182.tar
Emilia/EN/EN-B000687.tar
Emilia/EN/EN-B000600.tar
Emilia/EN/EN-B000525.tar
Emilia/EN/EN-B000295.tar
Emilia/EN/EN-B000668.tar
Emilia/EN/EN-B000237.tar
Emilia/EN/EN-B000360.tar
Emilia/EN/EN-B000373.tar
Emilia/EN/EN-B000073.tar
Emilia/EN/EN-B000382.tar
Emilia/EN/EN-B001118.tar
Emilia/EN/EN-B000955.tar
Emilia/EN/EN-B000898.tar
Emilia/EN/EN-B000871.tar
Emilia/EN/EN-B000884.tar
Emilia/EN/EN-B000545.tar
Emilia/EN/EN-B000453.tar
Emilia/EN/EN-B000026.tar
Emilia/EN/EN-B000351.tar
Emilia/EN/EN-B000264.tar
Emilia/EN/EN-B000145.tar
Emilia/EN/EN-B000627.tar
Emilia/EN/EN-B000417.tar
Emilia/EN/EN-B000067.tar
Emilia/EN/EN-B000820.tar
Emilia/EN/EN-B000606.tar
Emilia/EN/EN-B000059.tar
Emilia/EN/EN-B000233.tar
Emilia/EN/EN-B000240.tar
Emilia/EN/EN-B000760.tar
Emilia/EN/EN-B001120.tar
Emilia/EN/EN-B000978.tar
Emilia/EN/EN-B000755.tar
Emilia/EN/EN-B000228.tar
Emilia/EN/EN-B000682.tar
Emilia/EN/EN-B000861.tar
Emilia/EN/EN-B001123.tar
Emilia/EN/EN-B001039.tar
Emilia/EN/EN-B000323.tar
Emilia/EN/EN-B001030.tar
Emilia/EN/EN-B000618.tar
Emilia/EN/EN-B000125.tar
Emilia/EN/EN-B000535.tar
Emilia/EN/EN-B001043.tar
Emilia/EN/EN-B000287.tar
Emilia/EN/EN-B000139.tar
Emilia/EN/EN-B000018.tar
Emilia/EN/EN-B000970.tar
Emilia/EN/EN-B000043.tar
Emilia/EN/EN-B000953.tar
Emilia/EN/EN-B000542.tar
Emilia/EN/EN-B000547.tar
Emilia/EN/EN-B000102.tar
Emilia/EN/EN-B001016.tar
Emilia/EN/EN-B000446.tar
Emilia/EN/EN-B000143.tar
Emilia/EN/EN-B001037.tar
Emilia/EN/EN-B000375.tar
Emilia/EN/EN-B000075.tar
Emilia/EN/EN-B000949.tar
Emilia/EN/EN-B000975.tar
Emilia/EN/EN-B001013.tar
Emilia/EN/EN-B000742.tar
Emilia/EN/EN-B000881.tar
Emilia/EN/EN-B000922.tar
Emilia/EN/EN-B000345.tar
Emilia/EN/EN-B000342.tar
Emilia/EN/EN-B000321.tar
Emilia/EN/EN-B000615.tar
Emilia/EN/EN-B000174.tar
Emilia/EN/EN-B000744.tar
Emilia/EN/EN-B001124.tar
Emilia/EN/EN-B000945.tar
Emilia/EN/EN-B000223.tar
Emilia/EN/EN-B000290.tar
Emilia/EN/EN-B000971.tar
Emilia/EN/EN-B001048.tar
Emilia/EN/EN-B000109.tar
Emilia/EN/EN-B000100.tar
Emilia/EN/EN-B000297.tar
Emilia/EN/EN-B001006.tar
Emilia/EN/EN-B000122.tar
Emilia/EN/EN-B001011.tar
Emilia/EN/EN-B000445.tar
Emilia/EN/EN-B000698.tar
Emilia/EN/EN-B000176.tar
Emilia/EN/EN-B000123.tar
Emilia/EN/EN-B000392.tar
Emilia/EN/EN-B000519.tar
Emilia/EN/EN-B001072.tar
Emilia/EN/EN-B000875.tar
Emilia/EN/EN-B001021.tar
Emilia/EN/EN-B000683.tar
Emilia/EN/EN-B000617.tar
Emilia/EN/EN-B000562.tar
Emilia/EN/EN-B000381.tar
Emilia/EN/EN-B000915.tar
Emilia/EN/EN-B000923.tar
Emilia/EN/EN-B000579.tar
Emilia/EN/EN-B000121.tar
Emilia/EN/EN-B000399.tar
Emilia/EN/EN-B000660.tar
Emilia/EN/EN-B000039.tar
Emilia/EN/EN-B000625.tar
Emilia/EN/EN-B000719.tar
Emilia/EN/EN-B000822.tar
Emilia/EN/EN-B001133.tar
Emilia/EN/EN-B000163.tar
Emilia/EN/EN-B000401.tar
Emilia/EN/EN-B001130.tar
Emilia/EN/EN-B000909.tar
Emilia/EN/EN-B000257.tar
Emilia/EN/EN-B000179.tar
Emilia/EN/EN-B000201.tar
Emilia/EN/EN-B000200.tar
Emilia/EN/EN-B000356.tar
Emilia/EN/EN-B000858.tar
Emilia/EN/EN-B000737.tar
Emilia/EN/EN-B001087.tar
Emilia/EN/EN-B001108.tar
Emilia/EN/EN-B000132.tar
Emilia/EN/EN-B000281.tar
Emilia/EN/EN-B000847.tar
Emilia/EN/EN-B000066.tar
Emilia/EN/EN-B001100.tar
Emilia/EN/EN-B000134.tar
Emilia/EN/EN-B000492.tar
Emilia/EN/EN-B000424.tar
Emilia/EN/EN-B000940.tar
Emilia/EN/EN-B000480.tar
Emilia/EN/EN-B000560.tar
Emilia/EN/EN-B000396.tar
Emilia/EN/EN-B000950.tar
Emilia/EN/EN-B000788.tar
Emilia/EN/EN-B000833.tar
Emilia/EN/EN-B000361.tar
Emilia/EN/EN-B000882.tar
Emilia/EN/EN-B000593.tar
Emilia/EN/EN-B000405.tar
Emilia/EN/EN-B000761.tar
Emilia/EN/EN-B000529.tar
Emilia/EN/EN-B001061.tar
Emilia/EN/EN-B000499.tar
Emilia/EN/EN-B000739.tar
Emilia/EN/EN-B000919.tar
Emilia/EN/EN-B001051.tar
Emilia/EN/EN-B000160.tar
Emilia/EN/EN-B000213.tar
Emilia/EN/EN-B000135.tar
Emilia/EN/EN-B000322.tar
Emilia/EN/EN-B000087.tar
Emilia/EN/EN-B000960.tar
Emilia/EN/EN-B000818.tar
Emilia/EN/EN-B000920.tar
Emilia/EN/EN-B000434.tar
Emilia/EN/EN-B000908.tar
Emilia/EN/EN-B000481.tar
Emilia/EN/EN-B000202.tar
Emilia/EN/EN-B000340.tar
Emilia/EN/EN-B000568.tar
Emilia/EN/EN-B000754.tar
Emilia/EN/EN-B001115.tar
Emilia/EN/EN-B000616.tar
Emilia/EN/EN-B001104.tar
Emilia/EN/EN-B000807.tar
Emilia/EN/EN-B000344.tar
Emilia/EN/EN-B000977.tar
Emilia/EN/EN-B000732.tar
Emilia/EN/EN-B000862.tar
Emilia/EN/EN-B000291.tar
Emilia/EN/EN-B000064.tar
Emilia/EN/EN-B001053.tar
Emilia/EN/EN-B000265.tar
Emilia/EN/EN-B000262.tar
Emilia/EN/EN-B000494.tar
Emilia/EN/EN-B000002.tar
Emilia/EN/EN-B000826.tar
Emilia/EN/EN-B000286.tar
Emilia/EN/EN-B000488.tar
Emilia/EN/EN-B000442.tar
Emilia/EN/EN-B000242.tar
Emilia/EN/EN-B001023.tar
Emilia/EN/EN-B000850.tar
Emilia/EN/EN-B000146.tar
Emilia/EN/EN-B000899.tar
Emilia/EN/EN-B000639.tar
Emilia/EN/EN-B000811.tar
Emilia/EN/EN-B000661.tar
Emilia/EN/EN-B000175.tar
Emilia/EN/EN-B000276.tar
Emilia/EN/EN-B000260.tar
Emilia/EN/EN-B000065.tar
Emilia/EN/EN-B001018.tar
Emilia/EN/EN-B000614.tar
Emilia/EN/EN-B000936.tar
Emilia/EN/EN-B000449.tar
Emilia/EN/EN-B000101.tar
Emilia/EN/EN-B000296.tar
Emilia/EN/EN-B000414.tar
Emilia/EN/EN-B000393.tar
Emilia/EN/EN-B000578.tar
Emilia/EN/EN-B000380.tar
Emilia/EN/EN-B000500.tar
Emilia/EN/EN-B000883.tar
Emilia/EN/EN-B000778.tar
Emilia/EN/EN-B001119.tar
Emilia/EN/EN-B000944.tar
Emilia/EN/EN-B000514.tar
Emilia/EN/EN-B000956.tar
Emilia/EN/EN-B000463.tar
Emilia/EN/EN-B000198.tar
Emilia/EN/EN-B000377.tar
Emilia/EN/EN-B000074.tar
Emilia/EN/EN-B000598.tar
Emilia/EN/EN-B000994.tar
Emilia/EN/EN-B000103.tar
Emilia/EN/EN-B000483.tar
Emilia/EN/EN-B000226.tar
Emilia/EN/EN-B000783.tar
Emilia/EN/EN-B001093.tar
Emilia/EN/EN-B000537.tar
Emilia/EN/EN-B000706.tar
Emilia/EN/EN-B000556.tar
Emilia/EN/EN-B000813.tar
Emilia/EN/EN-B000403.tar
Emilia/EN/EN-B000610.tar
Emilia/EN/EN-B000670.tar
Emilia/EN/EN-B000005.tar
Emilia/EN/EN-B000885.tar
Emilia/EN/EN-B001049.tar
Emilia/EN/EN-B000431.tar
Emilia/EN/EN-B000780.tar
Emilia/EN/EN-B000115.tar
Emilia/EN/EN-B000795.tar
Emilia/EN/EN-B000567.tar
Emilia/EN/EN-B001054.tar
Emilia/EN/EN-B000946.tar
Emilia/EN/EN-B000465.tar
Emilia/EN/EN-B000501.tar
Emilia/EN/EN-B000530.tar
Emilia/EN/EN-B000128.tar
Emilia/EN/EN-B001112.tar
Emilia/EN/EN-B000444.tar
Emilia/EN/EN-B000572.tar
Emilia/EN/EN-B001081.tar
Emilia/EN/EN-B000304.tar
Emilia/EN/EN-B000518.tar
Emilia/EN/EN-B000301.tar
Emilia/EN/EN-B000056.tar
Emilia/EN/EN-B000479.tar
Emilia/EN/EN-B000181.tar
Emilia/EN/EN-B000339.tar
Emilia/EN/EN-B001098.tar
Emilia/EN/EN-B000008.tar
Emilia/EN/EN-B000439.tar
Emilia/EN/EN-B001044.tar
Emilia/EN/EN-B000208.tar
Emilia/EN/EN-B000273.tar
Emilia/EN/EN-B000628.tar
Emilia/EN/EN-B001003.tar
Emilia/EN/EN-B000823.tar
Emilia/EN/EN-B000534.tar
Emilia/EN/EN-B000022.tar
Emilia/EN/EN-B001058.tar
Emilia/EN/EN-B000781.tar
Emilia/EN/EN-B000710.tar
Emilia/EN/EN-B000157.tar
Emilia/EN/EN-B000890.tar
Emilia/EN/EN-B000454.tar
Emilia/EN/EN-B000886.tar
Emilia/EN/EN-B000293.tar
Emilia/EN/EN-B000869.tar
Emilia/EN/EN-B000236.tar
Emilia/EN/EN-B000743.tar
Emilia/EN/EN-B000587.tar
Emilia/EN/EN-B000263.tar
Emilia/EN/EN-B000106.tar
Emilia/EN/EN-B000404.tar
Emilia/EN/EN-B000998.tar
Emilia/EN/EN-B000365.tar
Emilia/EN/EN-B000114.tar
Emilia/EN/EN-B000037.tar
Emilia/EN/EN-B000173.tar
Emilia/EN/EN-B000258.tar
Emilia/EN/EN-B000416.tar
Emilia/EN/EN-B000906.tar
Emilia/EN/EN-B001073.tar
Emilia/EN/EN-B000016.tar
Emilia/EN/EN-B000363.tar
Emilia/EN/EN-B001095.tar
